Total matrix, R, for the line is:
+4.504396e-01, -5.415111e-01, +0.000000e+00, +0.000000e+00, +0.000000e+00, +1.261963e-03
+1.472000e+00, +4.504396e-01, +0.000000e+00, +0.000000e+00, +0.000000e+00, -3.380172e-03
+0.000000e+00, +0.000000e+00, +8.880953e+01, +5.386231e+01, +0.000000e+00, +0.000000e+00
+0.000000e+00, +0.000000e+00, +1.464128e+02, +8.880953e+01, +0.000000e+00, +0.000000e+00
+3.380172e-03, -1.261963e-03, +0.000000e+00, +0.000000e+00, +1.000000e+00, -5.279302e-05
+0.000000e+00, +0.000000e+00, +0.000000e+00, +0.000000e+00, +0.000000e+00, +1.000000e+00
