I[1] = 8.077594e-03
I[2] = 1.595192e-02
I[3] = 8.225873e-04
I[4] = -1.351296e-02
I[5] = 7.321411e-07
